../Core/Src/main.c:379:6:SpeedController	8	static
../Core/Src/main.c:415:5:main	16	static
../Core/Src/main.c:493:6:SystemClock_Config	72	static
../Core/Src/main.c:532:13:MX_I2C1_Init	8	static
../Core/Src/main.c:566:13:MX_TIM1_Init	96	static
../Core/Src/main.c:641:13:MX_TIM3_Init	64	static
../Core/Src/main.c:700:13:MX_USART1_UART_Init	8	static
../Core/Src/main.c:733:13:MX_GPIO_Init	40	static
../Core/Src/main.c:765:6:HAL_UART_RxCpltCallback	16	static
../Core/Src/main.c:922:6:Error_Handler	4	static,ignoring_inline_asm
